[0m14:37:36.800536 [debug] [MainThread]: Sending event: {'category': 'dbt', 'action': 'invocation', 'label': 'start', 'context': [<snowplow_tracker.self_describing_json.SelfDescribingJson object at 0x000002174FCDACC0>, <snowplow_tracker.self_describing_json.SelfDescribingJson object at 0x000002174DBD0FE0>, <snowplow_tracker.self_describing_json.SelfDescribingJson object at 0x000002174FE8F860>]}


============================== 14:37:36.897215 | 76a4502a-ad5b-45e7-9172-2164f528b8fd ==============================
[0m14:37:36.897215 [info ] [MainThread]: Running with dbt=1.12.4
[0m14:37:36.899227 [debug] [MainThread]: running dbt with arguments {'static_parser': 'True', 'no_print': 'None', 'version_check': 'True', 'warn_error_options': 'WarnErrorOptionsV2(error=[], warn=[], silence=[])', 'target_path': 'None', 'maximum_seed_size_mib': '1', 'printer_width': '80', 'write_json': 'True', 'empty': 'None', 'log_cache_events': 'False', 'introspect': 'True', 'cache_selected_only': 'False', 'fail_fast': 'False', 'debug': 'False', 'log_format': 'default', 'partial_parse': 'True', 'send_anonymous_usage_stats': 'True', 'quiet': 'False', 'warn_error': 'None', 'profiles_dir': 'C:\\Users\\yasin\\.dbt', 'invocation_command': 'dbt init', 'hints_enabled': 'True', 'use_colors': 'True', 'use_experimental_parser': 'False', 'indirect_selection': 'eager', 'log_path': 'logs'}
[0m14:37:37.047232 [info ] [MainThread]: Creating dbt configuration folder at C:\Users\yasin\.dbt
[0m14:39:03.772131 [debug] [MainThread]: Starter project path: C:\medical_dbt\.venv\Lib\site-packages\dbt\include\starter_project
[0m14:39:03.843812 [info ] [MainThread]: Setting up your profile.
[0m14:39:10.802035 [debug] [MainThread]: Snowflake adapter: Setting snowflake.connector to ERROR (file logging only)
[0m14:39:10.802035 [debug] [MainThread]: Snowflake adapter: Setting botocore to ERROR (file logging only)
[0m14:39:10.802035 [debug] [MainThread]: Snowflake adapter: Setting boto3 to ERROR (file logging only)
[0m14:41:53.782169 [info ] [MainThread]: Profile sf_dbt_medical written to C:\Users\yasin\.dbt\profiles.yml using target's profile_template.yml and your supplied values.
[0m14:41:53.792107 [info ] [MainThread]: Running dbt debug to validate the project...
[0m14:41:53.793318 [info ] [MainThread]: dbt version: 1.12.4
[0m14:41:53.793318 [info ] [MainThread]: python version: 3.12.10
[0m14:41:53.793318 [info ] [MainThread]: python path: C:\medical_dbt\.venv\Scripts\python.exe
[0m14:41:53.793318 [info ] [MainThread]: os info: Windows-11-10.0.26200-SP0
[0m14:41:53.973931 [info ] [MainThread]: Using profiles dir at C:\Users\yasin\.dbt
[0m14:41:53.976855 [info ] [MainThread]: Using profiles.yml file at C:\Users\yasin\.dbt\profiles.yml
[0m14:41:53.976855 [info ] [MainThread]: Using dbt_project.yml file at C:\medical_dbt\sf_dbt_medical\dbt_project.yml
[0m14:41:53.982720 [info ] [MainThread]: adapter type: snowflake
[0m14:41:53.984997 [info ] [MainThread]: adapter version: 1.12.0
[0m14:41:54.186468 [info ] [MainThread]: Configuration:
[0m14:41:54.194170 [info ] [MainThread]:   profiles.yml file [[32mOK found and valid[0m]
[0m14:41:54.194170 [info ] [MainThread]:   dbt_project.yml file [[32mOK found and valid[0m]
[0m14:41:54.196194 [info ] [MainThread]: Required dependencies:
[0m14:41:54.196194 [debug] [MainThread]: Executing "git --help"
[0m14:41:54.260147 [debug] [MainThread]: STDOUT: "b"usage: git [-v | --version] [-h | --help] [-C <path>] [-c <name>=<value>]\n           [--exec-path[=<path>]] [--html-path] [--man-path] [--info-path]\n           [-p | --paginate | -P | --no-pager] [--no-replace-objects] [--no-lazy-fetch]\n           [--no-optional-locks] [--no-advice] [--bare] [--git-dir=<path>]\n           [--work-tree=<path>] [--namespace=<name>] [--config-env=<name>=<envvar>]\n           <command> [<args>]\n\nThese are common Git commands used in various situations:\n\nstart a working area (see also: git help tutorial)\n   clone      Clone a repository into a new directory\n   init       Create an empty Git repository or reinitialize an existing one\n\nwork on the current change (see also: git help everyday)\n   add        Add file contents to the index\n   mv         Move or rename a file, a directory, or a symlink\n   restore    Restore working tree files\n   rm         Remove files from the working tree and from the index\n\nexamine the history and state (see also: git help revisions)\n   bisect     Use binary search to find the commit that introduced a bug\n   diff       Show changes between commits, commit and working tree, etc\n   grep       Print lines matching a pattern\n   log        Show commit logs\n   show       Show various types of objects\n   status     Show the working tree status\n\ngrow, mark and tweak your common history\n   backfill   Download missing objects in a partial clone\n   branch     List, create, or delete branches\n   commit     Record changes to the repository\n   history    EXPERIMENTAL: Rewrite history\n   merge      Join two or more development histories together\n   rebase     Reapply commits on top of another base tip\n   reset      Set `HEAD` or the index to a known state\n   switch     Switch branches\n   tag        Create, list, delete or verify tags\n\ncollaborate (see also: git help workflows)\n   fetch      Download objects and refs from another repository\n   pull       Fetch from and integrate with another repository or a local branch\n   push       Update remote refs along with associated objects\n\n'git help -a' and 'git help -g' list available subcommands and some\nconcept guides. See 'git help <command>' or 'git help <concept>'\nto read about a specific subcommand or concept.\nSee 'git help git' for an overview of the system.\n""
[0m14:41:54.260147 [debug] [MainThread]: STDERR: "b''"
[0m14:41:54.260147 [info ] [MainThread]:  - git [[32mOK found[0m]

[0m14:41:54.260147 [info ] [MainThread]: Connection:
[0m14:41:54.260147 [info ] [MainThread]:   account: DZDWUDE-DF55419
[0m14:41:54.260147 [info ] [MainThread]:   user: YASINFAZWANI
[0m14:41:54.260147 [info ] [MainThread]:   database: DBT_SCHEMA
[0m14:41:54.260147 [info ] [MainThread]:   warehouse: Hospital
[0m14:41:54.260147 [info ] [MainThread]:   role: ACCOUNTADMIN
[0m14:41:54.260147 [info ] [MainThread]:   schema: DBT_SCHEMA
[0m14:41:54.260147 [info ] [MainThread]:   authenticator: None
[0m14:41:54.260147 [info ] [MainThread]:   oauth_client_id: None
[0m14:41:54.260147 [info ] [MainThread]:   query_tag: None
[0m14:41:54.269195 [info ] [MainThread]:   client_session_keep_alive: False
[0m14:41:54.269195 [info ] [MainThread]:   host: None
[0m14:41:54.270212 [info ] [MainThread]:   port: None
[0m14:41:54.271309 [info ] [MainThread]:   proxy_host: None
[0m14:41:54.271309 [info ] [MainThread]:   proxy_port: None
[0m14:41:54.272425 [info ] [MainThread]:   protocol: None
[0m14:41:54.272425 [info ] [MainThread]:   connect_retries: 1
[0m14:41:54.273598 [info ] [MainThread]:   connect_timeout: None
[0m14:41:54.273598 [info ] [MainThread]:   retry_on_database_errors: False
[0m14:41:54.274637 [info ] [MainThread]:   retry_all: False
[0m14:41:54.274637 [info ] [MainThread]:   insecure_mode: False
[0m14:41:54.274637 [info ] [MainThread]:   reuse_connections: True
[0m14:41:54.275791 [info ] [MainThread]:   s3_stage_vpce_dns_name: None
[0m14:41:54.275791 [info ] [MainThread]:   workload_identity_provider: None
[0m14:41:54.276846 [info ] [MainThread]:   workload_identity_entra_resource: None
[0m14:41:54.276846 [info ] [MainThread]:   platform_detection_timeout_seconds: 0.0
[0m14:41:54.276846 [info ] [MainThread]: Registered adapter: snowflake=1.12.0
[0m14:41:54.827427 [debug] [MainThread]: Acquiring new snowflake connection 'debug'
[0m14:41:54.838590 [debug] [MainThread]: Using snowflake connection "debug"
[0m14:41:54.840600 [debug] [MainThread]: On debug: select 1 as id
[0m14:41:54.840600 [debug] [MainThread]: Opening a new connection, currently in state init
[0m14:41:57.021498 [debug] [MainThread]: SQL status: SUCCESS 1 in 2.180 seconds
[0m14:41:57.023262 [info ] [MainThread]:   Connection test: [[32mOK connection ok[0m]

[0m14:41:57.025282 [info ] [MainThread]: [32mAll checks passed![0m
[0m14:41:57.027965 [info ] [MainThread]: Your new dbt project "sf_dbt_medical" was created!
Initialized new project in C:\medical_dbt\sf_dbt_medical\sf_dbt_medical

For more information on how to configure the profiles.yml file,
please consult the dbt documentation here:

  https://docs.getdbt.com/docs/configure-your-profile

One more thing:

Need help? Don't hesitate to reach out to us via GitHub issues or on Slack:

  https://community.getdbt.com/

Happy modeling!

[0m14:41:57.032272 [debug] [MainThread]: Command `dbt init` succeeded at 14:41:57.031588 after 260.74 seconds
[0m14:41:57.032680 [debug] [MainThread]: Connection 'debug' was left open.
[0m14:41:57.034637 [debug] [MainThread]: On debug: Close
[0m14:41:57.171364 [debug] [MainThread]: Sending event: {'category': 'dbt', 'action': 'invocation', 'label': 'end', 'context': [<snowplow_tracker.self_describing_json.SelfDescribingJson object at 0x000002174FCDACC0>, <snowplow_tracker.self_describing_json.SelfDescribingJson object at 0x00000217519CE780>, <snowplow_tracker.self_describing_json.SelfDescribingJson object at 0x000002175412D280>]}
[0m14:41:57.178081 [debug] [MainThread]: Flushing usage events
[0m14:41:57.847249 [debug] [MainThread]: An error was encountered while trying to flush usage events
[0m15:44:10.677294 [debug] [MainThread]: Sending event: {'category': 'dbt', 'action': 'invocation', 'label': 'start', 'context': [<snowplow_tracker.self_describing_json.SelfDescribingJson object at 0x0000026B3C1DF7D0>, <snowplow_tracker.self_describing_json.SelfDescribingJson object at 0x0000026B3C1DF710>, <snowplow_tracker.self_describing_json.SelfDescribingJson object at 0x0000026B38DB5EE0>]}


============================== 15:44:10.683549 | b30beee9-b766-4165-a9d5-896ae044d293 ==============================
[0m15:44:10.683549 [info ] [MainThread]: Running with dbt=1.12.4
[0m15:44:10.684742 [debug] [MainThread]: running dbt with arguments {'static_parser': 'True', 'no_print': 'None', 'maximum_seed_size_mib': '1', 'target_path': 'None', 'version_check': 'True', 'warn_error_options': 'WarnErrorOptionsV2(error=[], warn=[], silence=[])', 'printer_width': '80', 'write_json': 'True', 'empty': 'False', 'log_cache_events': 'False', 'introspect': 'True', 'cache_selected_only': 'False', 'fail_fast': 'False', 'debug': 'False', 'log_format': 'default', 'partial_parse': 'True', 'send_anonymous_usage_stats': 'True', 'quiet': 'False', 'warn_error': 'None', 'profiles_dir': 'C:\\Users\\yasin\\.dbt', 'use_colors': 'True', 'hints_enabled': 'True', 'indirect_selection': 'eager', 'use_experimental_parser': 'False', 'invocation_command': 'dbt compile', 'log_path': 'logs'}
[0m15:44:10.684742 [error] [MainThread]: [[31mERROR[0m]: Encountered an error:
Runtime Error
  No dbt_project.yml found at expected path C:\medical_dbt\dbt_project.yml
  Verify that each entry within packages.yml (and their transitive dependencies) contains a file named dbt_project.yml
  
[0m15:44:10.686755 [debug] [MainThread]: Command `dbt compile` failed at 15:44:10.686755 after 0.48 seconds
[0m15:44:10.686755 [debug] [MainThread]: Sending event: {'category': 'dbt', 'action': 'invocation', 'label': 'end', 'context': [<snowplow_tracker.self_describing_json.SelfDescribingJson object at 0x0000026B3DDB47D0>, <snowplow_tracker.self_describing_json.SelfDescribingJson object at 0x0000026B3C0BE390>, <snowplow_tracker.self_describing_json.SelfDescribingJson object at 0x0000026B3C056AB0>]}
[0m15:44:10.686755 [debug] [MainThread]: Flushing usage events
[0m15:44:11.339690 [debug] [MainThread]: An error was encountered while trying to flush usage events
[0m10:33:54.907881 [debug] [MainThread]: Sending event: {'category': 'dbt', 'action': 'invocation', 'label': 'start', 'context': [<snowplow_tracker.self_describing_json.SelfDescribingJson object at 0x0000018A34D92270>, <snowplow_tracker.self_describing_json.SelfDescribingJson object at 0x0000018A34DE6390>, <snowplow_tracker.self_describing_json.SelfDescribingJson object at 0x0000018A357B6330>]}


============================== 10:33:54.927389 | 0107b6e3-a2b6-471a-a4f6-967b1bbf5fa8 ==============================
[0m10:33:54.927389 [info ] [MainThread]: Running with dbt=1.12.4
[0m10:33:54.927389 [debug] [MainThread]: running dbt with arguments {'static_parser': 'True', 'no_print': 'None', 'maximum_seed_size_mib': '1', 'target_path': 'None', 'version_check': 'True', 'warn_error_options': 'WarnErrorOptionsV2(error=[], warn=[], silence=[])', 'printer_width': '80', 'write_json': 'True', 'empty': 'False', 'log_cache_events': 'False', 'introspect': 'True', 'cache_selected_only': 'False', 'fail_fast': 'False', 'debug': 'False', 'log_format': 'default', 'profiles_dir': 'C:\\Users\\yasin\\.dbt', 'send_anonymous_usage_stats': 'True', 'quiet': 'False', 'warn_error': 'None', 'partial_parse': 'True', 'invocation_command': 'dbt compile', 'hints_enabled': 'True', 'indirect_selection': 'eager', 'use_experimental_parser': 'False', 'use_colors': 'True', 'log_path': 'logs'}
[0m10:33:54.930858 [error] [MainThread]: [[31mERROR[0m]: Encountered an error:
Runtime Error
  No dbt_project.yml found at expected path C:\medical_dbt\dbt_project.yml
  Verify that each entry within packages.yml (and their transitive dependencies) contains a file named dbt_project.yml
  
[0m10:33:54.932872 [debug] [MainThread]: Command `dbt compile` failed at 10:33:54.930858 after 0.33 seconds
[0m10:33:54.932872 [debug] [MainThread]: Sending event: {'category': 'dbt', 'action': 'invocation', 'label': 'end', 'context': [<snowplow_tracker.self_describing_json.SelfDescribingJson object at 0x0000018A34E07A10>, <snowplow_tracker.self_describing_json.SelfDescribingJson object at 0x0000018A36A09160>, <snowplow_tracker.self_describing_json.SelfDescribingJson object at 0x0000018A36B9D0A0>]}
[0m10:33:54.932872 [debug] [MainThread]: Flushing usage events
[0m10:33:55.426504 [debug] [MainThread]: An error was encountered while trying to flush usage events
[0m15:14:02.702962 [debug] [MainThread]: Sending event: {'category': 'dbt', 'action': 'invocation', 'label': 'start', 'context': [<snowplow_tracker.self_describing_json.SelfDescribingJson object at 0x000001822105F4A0>, <snowplow_tracker.self_describing_json.SelfDescribingJson object at 0x0000018220E57F80>, <snowplow_tracker.self_describing_json.SelfDescribingJson object at 0x0000018220E565A0>]}


============================== 15:14:02.711251 | 017f3e5e-6b16-4d05-9b0b-109a33d2c499 ==============================
[0m15:14:02.711251 [info ] [MainThread]: Running with dbt=1.12.4
[0m15:14:02.713244 [debug] [MainThread]: running dbt with arguments {'version_check': 'True', 'no_print': 'None', 'maximum_seed_size_mib': '1', 'warn_error_options': 'WarnErrorOptionsV2(error=[], warn=[], silence=[])', 'target_path': 'None', 'static_parser': 'True', 'printer_width': '80', 'write_json': 'True', 'empty': 'False', 'log_cache_events': 'False', 'introspect': 'True', 'cache_selected_only': 'False', 'log_format': 'default', 'debug': 'False', 'fail_fast': 'False', 'partial_parse': 'True', 'send_anonymous_usage_stats': 'True', 'quiet': 'False', 'warn_error': 'None', 'profiles_dir': 'C:\\Users\\yasin\\.dbt', 'use_colors': 'True', 'hints_enabled': 'True', 'invocation_command': 'dbt compile', 'use_experimental_parser': 'False', 'indirect_selection': 'eager', 'log_path': 'logs'}
[0m15:14:02.714245 [error] [MainThread]: [[31mERROR[0m]: Encountered an error:
Runtime Error
  No dbt_project.yml found at expected path C:\medical_dbt\dbt_project.yml
  Verify that each entry within packages.yml (and their transitive dependencies) contains a file named dbt_project.yml
  
[0m15:14:02.716858 [debug] [MainThread]: Command `dbt compile` failed at 15:14:02.716858 after 0.32 seconds
[0m15:14:02.717861 [debug] [MainThread]: Sending event: {'category': 'dbt', 'action': 'invocation', 'label': 'end', 'context': [<snowplow_tracker.self_describing_json.SelfDescribingJson object at 0x0000018220F9A270>, <snowplow_tracker.self_describing_json.SelfDescribingJson object at 0x0000018222A795B0>, <snowplow_tracker.self_describing_json.SelfDescribingJson object at 0x000001821DC4DFA0>]}
[0m15:14:02.718614 [debug] [MainThread]: Flushing usage events
[0m15:14:03.163601 [debug] [MainThread]: An error was encountered while trying to flush usage events
[0m22:42:43.972378 [debug] [MainThread]: Sending event: {'category': 'dbt', 'action': 'invocation', 'label': 'start', 'context': [<snowplow_tracker.self_describing_json.SelfDescribingJson object at 0x00000231ADE1F1A0>, <snowplow_tracker.self_describing_json.SelfDescribingJson object at 0x00000231ADC78A70>, <snowplow_tracker.self_describing_json.SelfDescribingJson object at 0x00000231ADE1CD40>]}


============================== 22:42:43.983332 | 3638ad32-4d41-4bae-b87f-60dc3bf75035 ==============================
[0m22:42:43.983332 [info ] [MainThread]: Running with dbt=1.12.4
[0m22:42:43.983332 [debug] [MainThread]: running dbt with arguments {'version_check': 'True', 'no_print': 'None', 'maximum_seed_size_mib': '1', 'warn_error_options': 'WarnErrorOptionsV2(error=[], warn=[], silence=[])', 'static_parser': 'True', 'target_path': 'None', 'printer_width': '80', 'write_json': 'True', 'empty': 'None', 'log_cache_events': 'False', 'introspect': 'True', 'cache_selected_only': 'False', 'fail_fast': 'False', 'debug': 'False', 'log_format': 'default', 'profiles_dir': 'C:\\Users\\yasin\\.dbt', 'send_anonymous_usage_stats': 'True', 'quiet': 'False', 'warn_error': 'None', 'partial_parse': 'True', 'invocation_command': 'dbt deps', 'hints_enabled': 'True', 'indirect_selection': 'eager', 'use_experimental_parser': 'False', 'use_colors': 'True', 'log_path': 'logs'}
[0m22:42:43.985952 [error] [MainThread]: [[31mERROR[0m]: Encountered an error:
Runtime Error
  No dbt_project.yml found at expected path C:\medical_dbt\dbt_project.yml
  Verify that each entry within packages.yml (and their transitive dependencies) contains a file named dbt_project.yml
  
[0m22:42:43.988715 [debug] [MainThread]: Command `dbt deps` failed at 22:42:43.985952 after 0.39 seconds
[0m22:42:43.988715 [debug] [MainThread]: Sending event: {'category': 'dbt', 'action': 'invocation', 'label': 'end', 'context': [<snowplow_tracker.self_describing_json.SelfDescribingJson object at 0x00000231AD6BD850>, <snowplow_tracker.self_describing_json.SelfDescribingJson object at 0x00000231ADDE39B0>, <snowplow_tracker.self_describing_json.SelfDescribingJson object at 0x00000231AFA11910>]}
[0m22:42:43.988715 [debug] [MainThread]: Flushing usage events
[0m22:42:44.821650 [debug] [MainThread]: An error was encountered while trying to flush usage events
